// Jest Snapshot v1, https://goo.gl/fbAQLP

exports[`Settings view renders correctly 1`] = `
<RCTSafeAreaView>
  <Text
    style={
      [
        {
          "fontSize": 20,
          "marginHorizontal": 8,
          "marginVertical": 8,
          "minWidth": 240,
        },
        undefined,
      ]
    }
  >
    Settings
  </Text>
  <View
    style={
      {
        "alignItems": "center",
        "flexDirection": "row",
        "paddingHorizontal": 4,
      }
    }
  >
    <RCTSwitch
      accessibilityRole="switch"
      onChange={[Function]}
      onResponderTerminationRequest={[Function]}
      onStartShouldSetResponder={[Function]}
      onTintColor="#4CAF50"
      style={
        {
          "height": 31,
          "width": 51,
        }
      }
      testID="settings_notification-enabled-toggle"
      thumbTintColor="#fff"
      tintColor="#ccc"
      value={false}
    />
    <Text
      style={
        {
          "width": 240,
        }
      }
    >
      Notifications Enabled
    </Text>
  </View>
</RCTSafeAreaView>
`;
